============================= test session starts =============================
platform win32 -- Python 3.11.9, pytest-9.0.2, pluggy-1.6.0 -- C:\Users\HP\AppData\Local\Microsoft\WindowsApps\PythonSoftwareFoundation.Python.3.11_qbz5n2kfra8p0\python.exe
cachedir: .pytest_cache
rootdir: C:\Users\HP\Documents\AI\hackathon\skillsync\graphrag
plugins: anyio-4.12.1, asyncio-1.3.0
asyncio: mode=Mode.STRICT, debug=False, asyncio_default_fixture_loop_scope=None, asyncio_default_test_loop_scope=function
collecting ... collected 0 items / 1 error

=================================== ERRORS ====================================
________________ ERROR collecting tests/test_new_endpoints.py _________________
tests\test_new_endpoints.py:2: in <module>
    from main import app, event_service, session_service, connection_service
main.py:12: in <module>
    from config import settings, setup_logging
config.py:36: in <module>
    settings = Settings()
               ^^^^^^^^^^
C:\Users\HP\AppData\Local\Packages\PythonSoftwareFoundation.Python.3.11_qbz5n2kfra8p0\LocalCache\local-packages\Python311\site-packages\pydantic_settings\main.py:194: in __init__
    super().__init__(
E   pydantic_core._pydantic_core.ValidationError: 4 validation errors for Settings
E   host
E     Extra inputs are not permitted [type=extra_forbidden, input_value='0.0.0.0', input_type=str]
E       For further information visit https://errors.pydantic.dev/2.12/v/extra_forbidden
E   port
E     Extra inputs are not permitted [type=extra_forbidden, input_value='8000', input_type=str]
E       For further information visit https://errors.pydantic.dev/2.12/v/extra_forbidden
E   reload
E     Extra inputs are not permitted [type=extra_forbidden, input_value='True', input_type=str]
E       For further information visit https://errors.pydantic.dev/2.12/v/extra_forbidden
E   nextauth_secret
E     Extra inputs are not permitted [type=extra_forbidden, input_value='Dk3Lz9_random_secure_gen...ted_key_from_system_77s', input_type=str]
E       For further information visit https://errors.pydantic.dev/2.12/v/extra_forbidden
============================== warnings summary ===============================
config.py:26
  C:\Users\HP\Documents\AI\hackathon\skillsync\graphrag\config.py:26: PydanticDeprecatedSince20: Support for class-based `config` is deprecated, use ConfigDict instead. Deprecated in Pydantic V2.0 to be removed in V3.0. See Pydantic V2 Migration Guide at https://errors.pydantic.dev/2.12/migration/
    class Settings(BaseSettings):

-- Docs: https://docs.pytest.org/en/stable/how-to/capture-warnings.html
=========================== short test summary info ===========================
ERROR tests/test_new_endpoints.py - pydantic_core._pydantic_core.ValidationEr...
!!!!!!!!!!!!!!!!!!! Interrupted: 1 error during collection !!!!!!!!!!!!!!!!!!!!
========================= 1 warning, 1 error in 0.60s =========================
